// Jest Snapshot v1, https://goo.gl/fbAQLP

exports[`Question snapshot renders 1`] = `ShallowWrapper {}`;

exports[`Score snapshot renders 1`] = `ShallowWrapper {}`;

exports[`Timer snapshot renders 1`] = `ShallowWrapper {}`;
